
 Start  Stop   Length Name               Class

 00000H 07707H 07708H _TEXT              CODE
 07708H 07E98H 00791H TEST_TEXT          CODE
 07E9AH 07F6FH 000D6H OS_CPU_A_TEXT      CODE
 07F70H 0815DH 001EEH OS_CPU_C_TEXT      CODE
 0815EH 0850AH 003ADH PC_TEXT            CODE
 0850BH 0C83CH 04332H UCOS_II_TEXT       CODE
 0C840H 0CDFFH 005C0H E87_PROG           CODE
 0CE00H 0F56FH 02770H EMU_PROG           CODE
 0F570H 101BAH 00C4BH _TEXTC             CODE
 101C0H 101C0H 00000H _FARDATA           FAR_DATA
 101C0H 101C0H 00000H _FARBSS            FAR_BSS
 101C0H 101C0H 00000H _OVERLAY_          OVRINFO
 101C0H 101C0H 00000H _1STUB_            STUBSEG
 101C0H 11267H 010A8H _DATA              DATA
 11268H 1126BH 00004H _CVTSEG            DATA
 1126CH 11271H 00006H _SCNSEG            DATA
 11272H 11272H 00000H _CONST             CONST
 11272H 1128FH 0001EH _INIT_             INITDATA
 11290H 11290H 00000H _INITEND_          INITDATA
 11290H 1129BH 0000CH _EXIT_             EXITDATA
 1129CH 1129CH 00000H _EXITEND_          EXITDATA
 1129CH 1440BH 03170H _BSS               BSS
 1440CH 1440CH 00000H _BSSEND            BSSEND
 14410H 14540H 00131H _STACK             STACK


Detailed map of segments

 0000:0000 0271 C=CODE   S=_TEXT          G=(none)  M=c0.asm     ACBP=28
 0000:0271 0000 C=CODE   S=_TEXT          G=(none)  M=e87trap    ACBP=28
 0000:0271 026B C=CODE   S=_TEXT          G=(none)  M=fpinit     ACBP=28
 0000:04DC 0000 C=CODE   S=_TEXT          G=(none)  M=deflt87    ACBP=28
 0000:04DC 0000 C=CODE   S=_TEXT          G=(none)  M=protflag   ACBP=28
 0000:04DC 01D2 C=CODE   S=_TEXT          G=(none)  M=realcvt2   ACBP=28
 0000:06AE 0216 C=CODE   S=_TEXT          G=(none)  M=xcvt       ACBP=28
 0000:08C4 000B C=CODE   S=_TEXT          G=(none)  M=pow10d     ACBP=28
 0000:08CF 00CB C=CODE   S=_TEXT          G=(none)  M=_pow10     ACBP=28
 0000:099A 00AF C=CODE   S=_TEXT          G=(none)  M=fperr      ACBP=28
 0000:0A49 0000 C=CODE   S=_TEXT          G=(none)  M=wscroll    ACBP=28
 0000:0A49 009E C=CODE   S=_TEXT          G=(none)  M=vram       ACBP=28
 0000:0AE7 0150 C=CODE   S=_TEXT          G=(none)  M=cprintf    ACBP=28
 0000:0C37 00C8 C=CODE   S=_TEXT          G=(none)  M=gptext     ACBP=28
 0000:0CFF 00A8 C=CODE   S=_TEXT          G=(none)  M=movetext   ACBP=28
 0000:0DA7 0019 C=CODE   S=_TEXT          G=(none)  M=putch      ACBP=28
 0000:0DC0 01DB C=CODE   S=_TEXT          G=(none)  M=screen     ACBP=28
 0000:0F9B 0193 C=CODE   S=_TEXT          G=(none)  M=scroll     ACBP=28
 0000:112E 0038 C=CODE   S=_TEXT          G=(none)  M=wherexy    ACBP=28
 0000:1166 01B9 C=CODE   S=_TEXT          G=(none)  M=crtinit    ACBP=28
 0000:131F 0074 C=CODE   S=_TEXT          G=(none)  M=getch      ACBP=28
 0000:1393 0016 C=CODE   S=_TEXT          G=(none)  M=kbhit      ACBP=28
 0000:13A9 0028 C=CODE   S=_TEXT          G=(none)  M=memcmp     ACBP=28
 0000:13D1 0024 C=CODE   S=_TEXT          G=(none)  M=memcpy     ACBP=28
 0000:13F5 0048 C=CODE   S=_TEXT          G=(none)  M=memset     ACBP=28
 0000:143D 0077 C=CODE   S=_TEXT          G=(none)  M=movmem     ACBP=28
 0000:14B4 0030 C=CODE   S=_TEXT          G=(none)  M=strcmp     ACBP=28
 0000:14E4 0021 C=CODE   S=_TEXT          G=(none)  M=strlen     ACBP=28
 0000:1505 0000 C=CODE   S=_TEXT          G=(none)  M=files      ACBP=28
 0000:1505 0000 C=CODE   S=_TEXT          G=(none)  M=files2     ACBP=28
 0000:1505 00A4 C=CODE   S=_TEXT          G=(none)  M=setupio    ACBP=28
 0000:15A9 0052 C=CODE   S=_TEXT          G=(none)  M=ioerror    ACBP=28
 0000:15FB 0015 C=CODE   S=_TEXT          G=(none)  M=isatty     ACBP=28
 0000:1610 002D C=CODE   S=_TEXT          G=(none)  M=lseek      ACBP=28
 0000:163D 04DB C=CODE   S=_TEXT          G=(none)  M=vprinter   ACBP=28
 0000:1B18 00D1 C=CODE   S=_TEXT          G=(none)  M=fflush     ACBP=28
 0000:1BE9 004C C=CODE   S=_TEXT          G=(none)  M=flushall   ACBP=28
 0000:1C35 0083 C=CODE   S=_TEXT          G=(none)  M=flushout   ACBP=28
 0000:1CB8 0020 C=CODE   S=_TEXT          G=(none)  M=fprintf    ACBP=28
 0000:1CD8 0055 C=CODE   S=_TEXT          G=(none)  M=fputs      ACBP=28
 0000:1D2D 01EC C=CODE   S=_TEXT          G=(none)  M=fseek      ACBP=28
 0000:1F19 0097 C=CODE   S=_TEXT          G=(none)  M=perror     ACBP=28
 0000:1FB0 03CE C=CODE   S=_TEXT          G=(none)  M=putc       ACBP=28
 0000:237E 0121 C=CODE   S=_TEXT          G=(none)  M=setvbuf    ACBP=28
 0000:249F 0090 C=CODE   S=_TEXT          G=(none)  M=sprintf    ACBP=28
 0000:252F 0166 C=CODE   S=_TEXT          G=(none)  M=write      ACBP=28
 0000:2695 003F C=CODE   S=_TEXT          G=(none)  M=xfflush    ACBP=28
 0000:26D4 005B C=CODE   S=_TEXT          G=(none)  M=writea     ACBP=28
 0000:272F 000A C=CODE   S=_TEXT          G=(none)  M=cconv      ACBP=28
 0000:2739 0017 C=CODE   S=_TEXT          G=(none)  M=f_lxmul    ACBP=28
 0000:2750 00AE C=CODE   S=_TEXT          G=(none)  M=h_ldiv     ACBP=28
 0000:27FE 0021 C=CODE   S=_TEXT          G=(none)  M=h_llsh     ACBP=28
 0000:281F 0021 C=CODE   S=_TEXT          G=(none)  M=h_lursh    ACBP=28
 0000:2840 0017 C=CODE   S=_TEXT          G=(none)  M=n_lxmul    ACBP=28
 0000:2857 00A6 C=CODE   S=_TEXT          G=(none)  M=longtoa    ACBP=28
 0000:28FD 0000 C=CODE   S=_TEXT          G=(none)  M=fpstklen   ACBP=28
 0000:28FD 001F C=CODE   S=_TEXT          G=(none)  M=cvtfak     ACBP=28
 0000:291C 0004 C=CODE   S=_TEXT          G=(none)  M=realcvt    ACBP=28
 0000:2920 0000 C=CODE   S=_TEXT          G=(none)  M=stklen     ACBP=28
 0000:2920 0016 C=CODE   S=_TEXT          G=(none)  M=del        ACBP=28
 0000:2936 0016 C=CODE   S=_TEXT          G=(none)  M=delarray   ACBP=28
 0000:294C 02F5 C=CODE   S=_TEXT          G=(none)  M=new        ACBP=28
 0000:2C41 0432 C=CODE   S=_TEXT          G=(none)  M=farheap    ACBP=28
 0000:3073 0160 C=CODE   S=_TEXT          G=(none)  M=fbrk       ACBP=28
 0000:31D3 0020 C=CODE   S=_TEXT          G=(none)  M=setblock   ACBP=28
 0000:31F3 0060 C=CODE   S=_TEXT          G=(none)  M=h_padd     ACBP=28
 0000:3253 0021 C=CODE   S=_TEXT          G=(none)  M=n_pcmp     ACBP=28
 0000:3274 002A C=CODE   S=_TEXT          G=(none)  M=errormsg   ACBP=28
 0000:329E 005C C=CODE   S=_TEXT          G=(none)  M=cputype    ACBP=28
 0000:32FA 0014 C=CODE   S=_TEXT          G=(none)  M=abort      ACBP=28
 0000:330E 0031 C=CODE   S=_TEXT          G=(none)  M=atexit     ACBP=28
 0000:333F 00AA C=CODE   S=_TEXT          G=(none)  M=exit       ACBP=28
 0000:33E9 0000 C=CODE   S=_TEXT          G=(none)  M=sigdata    ACBP=28
 0000:33E9 001B C=CODE   S=_TEXT          G=(none)  M=_abort     ACBP=28
 0000:3404 0028 C=CODE   S=_TEXT          G=(none)  M=getvect    ACBP=28
 0000:342C 043D C=CODE   S=_TEXT          G=(none)  M=signal     ACBP=28
 0000:3869 00D5 C=CODE   S=_TEXT          G=(none)  M=setjmp     ACBP=28
 0000:393E 002E C=CODE   S=_TEXT          G=(none)  M=getdate    ACBP=28
 0000:396C 0289 C=CODE   S=_TEXT          G=(none)  M=xxv        ACBP=28
 0000:3BF5 0201 C=CODE   S=_TEXT          G=(none)  M=xalloc     ACBP=28
 0000:3DF6 03BB C=CODE   S=_TEXT          G=(none)  M=xmsg       ACBP=28
 0000:41B1 314E C=CODE   S=_TEXT          G=(none)  M=xx         ACBP=28
 0000:72FF 008F C=CODE   S=_TEXT          G=(none)  M=xxas       ACBP=28
 0000:738E 0060 C=CODE   S=_TEXT          G=(none)  M=ctor2      ACBP=28
 0000:73EE 00CF C=CODE   S=_TEXT          G=(none)  M=ctor3      ACBP=28
 0000:74BD 024B C=CODE   S=_TEXT          G=(none)  M=strings    ACBP=28
 0770:0008 0791 C=CODE   S=TEST_TEXT      G=(none)  M=test.c     ACBP=28
 07E9:000A 00D6 C=CODE   S=OS_CPU_A_TEXT  G=(none)  M=\SOFTWARE\uCOS-II\Ix86L\BC45\OS_CPU_A.ASM ACBP=48
 07F7:0000 01EE C=CODE   S=OS_CPU_C_TEXT  G=(none)  M=os_cpu_c.c ACBP=28
 0815:000E 03AD C=CODE   S=PC_TEXT        G=(none)  M=pc.c       ACBP=28
 0850:000B 4332 C=CODE   S=UCOS_II_TEXT   G=(none)  M=ucos_ii.c  ACBP=28
 0C84:0000 01E1 C=CODE   S=E87_PROG       G=(none)  M=e87trap    ACBP=68
 0C84:01F0 0000 C=CODE   S=E87_PROG       G=(none)  M=fpinit     ACBP=68
 0C84:01F0 03D0 C=CODE   S=E87_PROG       G=(none)  M=emu087     ACBP=68
 0CE0:0000 2764 C=CODE   S=EMU_PROG       G=(none)  M=emu086     ACBP=68
 0CE0:2770 0000 C=CODE   S=EMU_PROG       G=(none)  M=fpinit     ACBP=68
 0F57:0000 00E9 C=CODE   S=_TEXTC         G=(none)  M=ctor2      ACBP=28
 0F57:00E9 021C C=CODE   S=_TEXTC         G=(none)  M=ctor3      ACBP=28
 0F57:0305 0946 C=CODE   S=_TEXTC         G=(none)  M=strings    ACBP=28
 101C:0000 0000 C=FAR_DATA S=_FARDATA       G=(none)  M=c0.asm     ACBP=68
 101C:0000 0000 C=FAR_BSS S=_FARBSS        G=(none)  M=c0.asm     ACBP=68
 101C:0000 0000 C=OVRINFO S=_OVERLAY_      G=(none)  M=c0.asm     ACBP=68
 101C:0000 0000 C=STUBSEG S=_1STUB_        G=(none)  M=c0.asm     ACBP=68
 101C:0000 0090 C=DATA   S=_DATA          G=DGROUP  M=c0.asm     ACBP=68
 101C:0090 0577 C=DATA   S=_DATA          G=DGROUP  M=test.c     ACBP=48
 101C:0608 0000 C=DATA   S=_DATA          G=DGROUP  M=\SOFTWARE\uCOS-II\Ix86L\BC45\OS_CPU_A.ASM ACBP=48
 101C:0608 0000 C=DATA   S=_DATA          G=DGROUP  M=os_cpu_c.c ACBP=48
 101C:0608 001F C=DATA   S=_DATA          G=DGROUP  M=pc.c       ACBP=48
 101C:0628 015C C=DATA   S=_DATA          G=DGROUP  M=ucos_ii.c  ACBP=48
 101C:0790 0000 C=DATA   S=_DATA          G=DGROUP  M=e87trap    ACBP=68
 101C:0790 0002 C=DATA   S=_DATA          G=DGROUP  M=fpinit     ACBP=68
 101C:0792 0002 C=DATA   S=_DATA          G=DGROUP  M=deflt87    ACBP=48
 101C:0794 0004 C=DATA   S=_DATA          G=DGROUP  M=protflag   ACBP=48
 101C:0798 0000 C=DATA   S=_DATA          G=DGROUP  M=realcvt2   ACBP=48
 101C:0798 0000 C=DATA   S=_DATA          G=DGROUP  M=xcvt       ACBP=48
 101C:0798 0000 C=DATA   S=_DATA          G=DGROUP  M=pow10d     ACBP=48
 101C:0798 0080 C=DATA   S=_DATA          G=DGROUP  M=_pow10     ACBP=48
 101C:0818 009A C=DATA   S=_DATA          G=DGROUP  M=fperr      ACBP=48
 101C:08B2 0002 C=DATA   S=_DATA          G=DGROUP  M=wscroll    ACBP=48
 101C:08B4 0000 C=DATA   S=_DATA          G=DGROUP  M=vram       ACBP=48
 101C:08B4 0000 C=DATA   S=_DATA          G=DGROUP  M=cprintf    ACBP=48
 101C:08B4 0000 C=DATA   S=_DATA          G=DGROUP  M=gptext     ACBP=48
 101C:08B4 0000 C=DATA   S=_DATA          G=DGROUP  M=movetext   ACBP=48
 101C:08B4 0000 C=DATA   S=_DATA          G=DGROUP  M=putch      ACBP=48
 101C:08B4 0000 C=DATA   S=_DATA          G=DGROUP  M=screen     ACBP=48
 101C:08B4 0000 C=DATA   S=_DATA          G=DGROUP  M=scroll     ACBP=48
 101C:08B4 0000 C=DATA   S=_DATA          G=DGROUP  M=wherexy    ACBP=48
 101C:08B4 0019 C=DATA   S=_DATA          G=DGROUP  M=crtinit    ACBP=48
 101C:08CE 0000 C=DATA   S=_DATA          G=DGROUP  M=getch      ACBP=48
 101C:08CE 0002 C=DATA   S=_DATA          G=DGROUP  M=kbhit      ACBP=48
 101C:08D0 0000 C=DATA   S=_DATA          G=DGROUP  M=memcmp     ACBP=48
 101C:08D0 0000 C=DATA   S=_DATA          G=DGROUP  M=memcpy     ACBP=48
 101C:08D0 0000 C=DATA   S=_DATA          G=DGROUP  M=memset     ACBP=48
 101C:08D0 0000 C=DATA   S=_DATA          G=DGROUP  M=movmem     ACBP=48
 101C:08D0 0000 C=DATA   S=_DATA          G=DGROUP  M=strcmp     ACBP=48
 101C:08D0 0000 C=DATA   S=_DATA          G=DGROUP  M=strlen     ACBP=48
 101C:08D0 0190 C=DATA   S=_DATA          G=DGROUP  M=files      ACBP=48
 101C:0A60 002A C=DATA   S=_DATA          G=DGROUP  M=files2     ACBP=48
 101C:0A8A 0000 C=DATA   S=_DATA          G=DGROUP  M=setupio    ACBP=48
 101C:0A8A 005B C=DATA   S=_DATA          G=DGROUP  M=ioerror    ACBP=48
 101C:0AE6 0000 C=DATA   S=_DATA          G=DGROUP  M=isatty     ACBP=48
 101C:0AE6 0000 C=DATA   S=_DATA          G=DGROUP  M=lseek      ACBP=48
 101C:0AE6 0067 C=DATA   S=_DATA          G=DGROUP  M=vprinter   ACBP=48
 101C:0B4E 0000 C=DATA   S=_DATA          G=DGROUP  M=fflush     ACBP=48
 101C:0B4E 0000 C=DATA   S=_DATA          G=DGROUP  M=flushall   ACBP=48
 101C:0B4E 0000 C=DATA   S=_DATA          G=DGROUP  M=flushout   ACBP=48
 101C:0B4E 0000 C=DATA   S=_DATA          G=DGROUP  M=fprintf    ACBP=48
 101C:0B4E 0000 C=DATA   S=_DATA          G=DGROUP  M=fputs      ACBP=48
 101C:0B4E 0000 C=DATA   S=_DATA          G=DGROUP  M=fseek      ACBP=48
 101C:0B4E 02D0 C=DATA   S=_DATA          G=DGROUP  M=perror     ACBP=48
 101C:0E1E 0001 C=DATA   S=_DATA          G=DGROUP  M=putc       ACBP=48
 101C:0E20 0004 C=DATA   S=_DATA          G=DGROUP  M=setvbuf    ACBP=48
 101C:0E24 0000 C=DATA   S=_DATA          G=DGROUP  M=sprintf    ACBP=48
 101C:0E24 0000 C=DATA   S=_DATA          G=DGROUP  M=write      ACBP=48
 101C:0E24 0000 C=DATA   S=_DATA          G=DGROUP  M=xfflush    ACBP=48
 101C:0E24 0000 C=DATA   S=_DATA          G=DGROUP  M=writea     ACBP=48
 101C:0E24 003B C=DATA   S=_DATA          G=DGROUP  M=cconv      ACBP=48
 101C:0E60 0000 C=DATA   S=_DATA          G=DGROUP  M=f_lxmul    ACBP=48
 101C:0E60 0000 C=DATA   S=_DATA          G=DGROUP  M=h_ldiv     ACBP=48
 101C:0E60 0000 C=DATA   S=_DATA          G=DGROUP  M=h_llsh     ACBP=48
 101C:0E60 0000 C=DATA   S=_DATA          G=DGROUP  M=h_lursh    ACBP=48
 101C:0E60 0000 C=DATA   S=_DATA          G=DGROUP  M=n_lxmul    ACBP=48
 101C:0E60 0000 C=DATA   S=_DATA          G=DGROUP  M=longtoa    ACBP=48
 101C:0E60 0002 C=DATA   S=_DATA          G=DGROUP  M=fpstklen   ACBP=48
 101C:0E62 0031 C=DATA   S=_DATA          G=DGROUP  M=cvtfak     ACBP=48
 101C:0E94 0000 C=DATA   S=_DATA          G=DGROUP  M=realcvt    ACBP=48
 101C:0E94 0002 C=DATA   S=_DATA          G=DGROUP  M=stklen     ACBP=48
 101C:0E96 0000 C=DATA   S=_DATA          G=DGROUP  M=del        ACBP=48
 101C:0E96 0000 C=DATA   S=_DATA          G=DGROUP  M=delarray   ACBP=48
 101C:0E96 0018 C=DATA   S=_DATA          G=DGROUP  M=new        ACBP=48
 101C:0EAE 0000 C=DATA   S=_DATA          G=DGROUP  M=farheap    ACBP=48
 101C:0EAE 0002 C=DATA   S=_DATA          G=DGROUP  M=fbrk       ACBP=48
 101C:0EB0 0000 C=DATA   S=_DATA          G=DGROUP  M=setblock   ACBP=48
 101C:0EB0 0000 C=DATA   S=_DATA          G=DGROUP  M=h_padd     ACBP=48
 101C:0EB0 0000 C=DATA   S=_DATA          G=DGROUP  M=n_pcmp     ACBP=48
 101C:0EB0 0000 C=DATA   S=_DATA          G=DGROUP  M=errormsg   ACBP=48
 101C:0EB0 0002 C=DATA   S=_DATA          G=DGROUP  M=cputype    ACBP=48
 101C:0EB2 0000 C=DATA   S=_DATA          G=DGROUP  M=abort      ACBP=48
 101C:0EB2 0002 C=DATA   S=_DATA          G=DGROUP  M=atexit     ACBP=48
 101C:0EB4 000C C=DATA   S=_DATA          G=DGROUP  M=exit       ACBP=48
 101C:0EC0 0000 C=DATA   S=_DATA          G=DGROUP  M=sigdata    ACBP=48
 101C:0EC0 001F C=DATA   S=_DATA          G=DGROUP  M=_abort     ACBP=48
 101C:0EE0 0000 C=DATA   S=_DATA          G=DGROUP  M=getvect    ACBP=48
 101C:0EE0 0028 C=DATA   S=_DATA          G=DGROUP  M=signal     ACBP=48
 101C:0F08 0000 C=DATA   S=_DATA          G=DGROUP  M=setjmp     ACBP=48
 101C:0F08 0000 C=DATA   S=_DATA          G=DGROUP  M=getdate    ACBP=48
 101C:0F08 0128 C=DATA   S=_DATA          G=DGROUP  M=xxv        ACBP=48
 101C:1030 0000 C=DATA   S=_DATA          G=DGROUP  M=xalloc     ACBP=48
 101C:1030 0000 C=DATA   S=_DATA          G=DGROUP  M=xmsg       ACBP=48
 101C:1030 0012 C=DATA   S=_DATA          G=DGROUP  M=xx         ACBP=48
 101C:1042 0000 C=DATA   S=_DATA          G=DGROUP  M=xxas       ACBP=48
 101C:1042 0000 C=DATA   S=_DATA          G=DGROUP  M=ctor2      ACBP=48
 101C:1042 0000 C=DATA   S=_DATA          G=DGROUP  M=ctor3      ACBP=48
 101C:1042 0066 C=DATA   S=_DATA          G=DGROUP  M=strings    ACBP=48
 101C:10A8 0000 C=DATA   S=_CVTSEG        G=DGROUP  M=c0.asm     ACBP=48
 101C:10A8 0002 C=DATA   S=_CVTSEG        G=DGROUP  M=realcvt2   ACBP=48
 101C:10AA 0002 C=DATA   S=_CVTSEG        G=DGROUP  M=cvtfak     ACBP=48
 101C:10AC 0000 C=DATA   S=_CVTSEG        G=DGROUP  M=realcvt    ACBP=48
 101C:10AC 0000 C=DATA   S=_SCNSEG        G=DGROUP  M=c0.asm     ACBP=48
 101C:10AC 0006 C=DATA   S=_SCNSEG        G=DGROUP  M=cvtfak     ACBP=48
 101C:10B2 0000 C=CONST  S=_CONST         G=DGROUP  M=c0.asm     ACBP=48
 101C:10B2 0000 C=INITDATA S=_INIT_         G=DGROUP  M=c0.asm     ACBP=48
 101C:10B2 0006 C=INITDATA S=_INIT_         G=DGROUP  M=fpinit     ACBP=48
 101C:10B8 0006 C=INITDATA S=_INIT_         G=DGROUP  M=crtinit    ACBP=48
 101C:10BE 0006 C=INITDATA S=_INIT_         G=DGROUP  M=setupio    ACBP=48
 101C:10C4 0006 C=INITDATA S=_INIT_         G=DGROUP  M=new        ACBP=48
 101C:10CA 0006 C=INITDATA S=_INIT_         G=DGROUP  M=cputype    ACBP=48
 101C:10D0 0000 C=INITDATA S=_INITEND_      G=DGROUP  M=c0.asm     ACBP=28
 101C:10D0 0000 C=EXITDATA S=_EXIT_         G=DGROUP  M=c0.asm     ACBP=48
 101C:10D0 0006 C=EXITDATA S=_EXIT_         G=DGROUP  M=fpinit     ACBP=48
 101C:10D6 0006 C=EXITDATA S=_EXIT_         G=DGROUP  M=new        ACBP=48
 101C:10DC 0000 C=EXITDATA S=_EXITEND_      G=DGROUP  M=c0.asm     ACBP=28
 101C:10DC 0000 C=BSS    S=_BSS           G=DGROUP  M=c0.asm     ACBP=48
 101C:10DC 1C08 C=BSS    S=_BSS           G=DGROUP  M=test.c     ACBP=48
 101C:2CE4 0001 C=BSS    S=_BSS           G=DGROUP  M=os_cpu_c.c ACBP=48
 101C:2CE6 0020 C=BSS    S=_BSS           G=DGROUP  M=pc.c       ACBP=48
 101C:2D06 14A8 C=BSS    S=_BSS           G=DGROUP  M=ucos_ii.c  ACBP=48
 101C:41AE 0000 C=BSS    S=_BSS           G=DGROUP  M=realcvt2   ACBP=48
 101C:41AE 0000 C=BSS    S=_BSS           G=DGROUP  M=xcvt       ACBP=48
 101C:41AE 0000 C=BSS    S=_BSS           G=DGROUP  M=_pow10     ACBP=48
 101C:41AE 0000 C=BSS    S=_BSS           G=DGROUP  M=vram       ACBP=48
 101C:41AE 0000 C=BSS    S=_BSS           G=DGROUP  M=crtinit    ACBP=48
 101C:41AE 0000 C=BSS    S=_BSS           G=DGROUP  M=getch      ACBP=48
 101C:41AE 0000 C=BSS    S=_BSS           G=DGROUP  M=kbhit      ACBP=48
 101C:41AE 0000 C=BSS    S=_BSS           G=DGROUP  M=memcmp     ACBP=48
 101C:41AE 0000 C=BSS    S=_BSS           G=DGROUP  M=memcpy     ACBP=48
 101C:41AE 0000 C=BSS    S=_BSS           G=DGROUP  M=memset     ACBP=48
 101C:41AE 0000 C=BSS    S=_BSS           G=DGROUP  M=movmem     ACBP=48
 101C:41AE 0000 C=BSS    S=_BSS           G=DGROUP  M=strcmp     ACBP=48
 101C:41AE 0000 C=BSS    S=_BSS           G=DGROUP  M=strlen     ACBP=48
 101C:41AE 0000 C=BSS    S=_BSS           G=DGROUP  M=setupio    ACBP=48
 101C:41AE 0000 C=BSS    S=_BSS           G=DGROUP  M=ioerror    ACBP=48
 101C:41AE 0000 C=BSS    S=_BSS           G=DGROUP  M=isatty     ACBP=48
 101C:41AE 0000 C=BSS    S=_BSS           G=DGROUP  M=lseek      ACBP=48
 101C:41AE 0000 C=BSS    S=_BSS           G=DGROUP  M=vprinter   ACBP=48
 101C:41AE 0001 C=BSS    S=_BSS           G=DGROUP  M=putc       ACBP=48
 101C:41B0 0000 C=BSS    S=_BSS           G=DGROUP  M=writea     ACBP=48
 101C:41B0 0000 C=BSS    S=_BSS           G=DGROUP  M=longtoa    ACBP=48
 101C:41B0 0000 C=BSS    S=_BSS           G=DGROUP  M=new        ACBP=48
 101C:41B0 0000 C=BSS    S=_BSS           G=DGROUP  M=setblock   ACBP=48
 101C:41B0 0080 C=BSS    S=_BSS           G=DGROUP  M=atexit     ACBP=48
 101C:4230 0004 C=BSS    S=_BSS           G=DGROUP  M=sigdata    ACBP=48
 101C:4234 0000 C=BSS    S=_BSS           G=DGROUP  M=getvect    ACBP=48
 101C:4234 0008 C=BSS    S=_BSS           G=DGROUP  M=signal     ACBP=48
 101C:423C 0000 C=BSS    S=_BSS           G=DGROUP  M=setjmp     ACBP=48
 101C:423C 0004 C=BSS    S=_BSS           G=DGROUP  M=xxv        ACBP=48
 101C:4240 000B C=BSS    S=_BSS           G=DGROUP  M=xx         ACBP=48
 101C:424C 0000 C=BSS    S=_BSS           G=DGROUP  M=xxas       ACBP=48
 101C:424C 0000 C=BSS    S=_BSS           G=DGROUP  M=ctor2      ACBP=48
 101C:424C 0000 C=BSS    S=_BSS           G=DGROUP  M=ctor3      ACBP=48
 101C:424C 0000 C=BSS    S=_BSS           G=DGROUP  M=strings    ACBP=48
 101C:424C 0000 C=BSSEND S=_BSSEND        G=DGROUP  M=c0.asm     ACBP=28
 1441:0000 0131 C=STACK  S=_STACK         G=(none)  M=c0.asm     ACBP=74
 1441:0000 0080 C=STACK  S=_STACK         G=(none)  M=emuvars    ACBP=78

  Address         Publics by Name

 0000:2920       operator delete(void far*)
 0000:2936       operator delete[](void far*)
 0000:2A01       operator new(unsigned int)
 0000:29D3 idle  set_new_handler(void(far*)())
 0000:3976 idle  set_terminate(void(far*)())
 0000:3A6A idle  set_unexpected(void(far*)())
 0F57:0000       string::string(const string far&)
 0F57:00E9       string::string(const char far*)
 0F57:0305       string::~string()
 0F57:038B idle  string::assert_element(unsigned int) const
 0F57:0449 idle  string::assert_index(unsigned int) const
 101C:1042 idle  string::case_sensitive
 101C:104C idle  string::freeboard
 101C:1048 idle  string::initial_capac
 0F57:0A97 idle  string::initial_capacity(unsigned int)
 0F57:0ADE idle  string::max_waste(unsigned int)
 101C:1044 idle  string::paranoid_check
 101C:104A idle  string::resize_inc
 0F57:0AB4 idle  string::resize_increment(unsigned int)
 0F57:0A40 idle  string::set_case_sensitive(int)
 0F57:0A5D idle  string::set_paranoid_check(int)
 101C:1046 idle  string::skip_white
 0F57:0A7A idle  string::skip_whitespace(int)
 0000:396C idle  terminate()
 0F57:05C2       tstringref::tstringref(const char far*,unsigned int,const char far*,unsigned int,unsigned int)
 0F57:06AB       tstringref::~tstringref()
 0F57:0779 idle  tstringref::check_freeboard()
 0F57:07E1 idle  tstringref::grow_to(unsigned int)
 0F57:070B idle  tstringref::reserve(unsigned int)
 0F57:0843 idle  tstringref::round_capacity(unsigned int)
 0F57:0882 idle  tstringref::splice(unsigned int,unsigned int,const char far*,unsigned int)
 0F57:0507 idle  tsubstring::assert_element(unsigned int) const
 0000:6D2D idle  typeinfo::operator =(const typeinfo far&)
 0000:6CBF idle  typeinfo::typeinfo(const typeinfo far&)
 0000:6D3C idle  typeinfo::~typeinfo()
 0000:6D70 idle  typeinfo::operator ==(const typeinfo far&) const
 0000:6D96 idle  typeinfo::operator !=(const typeinfo far&) const
 0000:6DB7 idle  typeinfo::before(const typeinfo far&) const
 0000:6E2F idle  typeinfo::name() const
 0000:3A61 idle  unexpected()
 0000:3BF5       xalloc::xalloc(const string far&,unsigned int)
 0000:3C74       xalloc::raise()
 0000:4073 idle  xmsg::operator =(const xmsg far&)
 0000:3EE5       xmsg::xmsg(const xmsg far&)
 0000:3E1A       xmsg::xmsg(const string far&)
 0000:3F90       xmsg::~xmsg()
 0000:3FFC idle  xmsg::raise()
 0000:2968 idle  xnew_handler()
 0000:57E5       _catchcleanup()
 0000:508D idle  _rethrowexception(unsigned int,unsigned char far*)
 0000:5034       _throwexception(void far*,void far*,void far*,void far*,unsigned int,unsigned int,unsigned int,unsigned char far*)
 0000:7112 idle  __dynamiccast(void far*,void far*,void far*,void far*,int)
 0000:3AFB idle  __getpolymorphicdtc(void far*,unsigned int)
 0000:3B4F idle  __getpolymorphicdtcfar(void far*,unsigned int)
 0000:6E49 idle  __gettypeinfo(void far*,void far*,void far*,void far*)
 0000:72FF       __refdestructorcount()
 0000:7305 idle  __refexceptionlist()
 0000:6CAD idle  __throwexceptionname()
 0000:6C8D idle  __throwfilename()
 0000:6C9F idle  __throwlinenumber()
 101C:0000 idle  DATASEG@
 0000:026D idle  DGROUP@
 0CE0:213F       e086_Entry
 0CE0:26CD       e086_Shortcut
 0C84:04E0       e087_Entry
 0C84:05A3       e087_Shortcut
 0C84:003F       e087_Trap
 0CE0:25E9 idle  e287_FPU_Control
 0CE0:273E idle  EmuVectorException
 0000:FE32 idle  FIARQQ
 0000:0E32 idle  FICRQQ
 0000:5C32  Abs  FIDRQQ
 0000:1632  Abs  FIERQQ
 0000:0632 idle  FISRQQ
 0000:A23D  Abs  FIWRQQ
 0000:4000 idle  FJARQQ
 0000:C000 idle  FJCRQQ
 0000:8000 idle  FJSRQQ
 0000:2753 idle  F_LDIV@
 0000:2762 idle  F_LMOD@
 0000:275A       F_LUDIV@
 0000:276A idle  F_LUMOD@
 0000:2801       F_LXLSH@
 0000:2739       F_LXMUL@
 0000:2822       F_LXURSH@
 0000:31F6 idle  F_PADD@
 0000:3225 idle  F_PSUB@
 0000:2753 idle  LDIV@
 0000:2762 idle  LMOD@
 0000:275A idle  LUDIV@
 0000:276A idle  LUMOD@
 0000:2801 idle  LXLSH@
 0000:2739 idle  LXMUL@
 0000:2822 idle  LXURSH@
 0000:2750 idle  N_LDIV@
 0000:275F idle  N_LMOD@
 0000:2757       N_LUDIV@
 0000:2767 idle  N_LUMOD@
 0000:27FE       N_LXLSH@
 0000:2840       N_LXMUL@
 0000:281F idle  N_LXURSH@
 0000:31F3       N_PADD@
 0000:3253       N_PCMP@
 0000:3222 idle  N_PSUB@
 0000:31F6 idle  PADD@
 0000:3225 idle  PSUB@
 0CE0:2151 idle  rs1
 0CE0:26A2 idle  rs2
 0000:32FA       _abort
 101C:2CDC idle  _AckMbox
 0000:330E idle  _atexit
 0000:0C19 idle  _cprintf
 101C:007E       _errno
 0000:339E       _exit
 0000:2D81 idle  _farfree
 0000:2E95 idle  _farmalloc
 0000:2FF9 idle  _farrealloc
 0000:1B18       _fflush
 0000:1BE9       _flushall
 0000:1CB8       _fprintf
 0000:1FD0 idle  _fputc
 0000:215B idle  _fputchar
 0000:1CD8       _fputs
 0000:2D81       _free
 0000:1DB6       _fseek
 0000:1E38 idle  _ftell
 0000:131F       _getch
 0000:133F idle  _getche
 0000:393E       _getdate
 0000:0C37       _gettext
 0000:3955       _gettime
 0000:3404       _getvect
 0000:15FB       _isatty
 0000:1393       _kbhit
 0000:272F idle  _localeconv
 0000:38B0       _longjmp
 0000:1610       _lseek
 0770:0008       _main
 0000:2E8B       _malloc
 0000:13A9       _memcmp
 0000:13D1       _memcpy
 0000:148F       _memmove
 0000:141B       _memset
 0000:0CFF       _movetext
 0000:143D idle  _movmem
 101C:2FB6       _OSCPUUsage
 07E9:0028       _OSCtxSw
 101C:2D06       _OSCtxSwCtr
 101C:0678 idle  _OSDataSize
 101C:0628 idle  _OSDebugEn
 101C:2D0A idle  _OSEventFreeList
 101C:062A idle  _OSEventMax
 0850:000B idle  _OSEventNameGet
 0850:00B5 idle  _OSEventNameSet
 101C:062C idle  _OSEventNameSize
 101C:062E idle  _OSEventSize
 101C:2D0E idle  _OSEventTbl
 101C:0630 idle  _OSEventTblSize
 0850:0C2C idle  _OSFlagAccept
 0850:0D70 idle  _OSFlagCreate
 0850:0DF7 idle  _OSFlagDel
 101C:0632 idle  _OSFlagEn
 101C:2FB2 idle  _OSFlagFreeList
 101C:0634 idle  _OSFlagGrpSize
 101C:0638 idle  _OSFlagMax
 0850:0F64 idle  _OSFlagNameGet
 0850:0FF7 idle  _OSFlagNameSet
 101C:063A idle  _OSFlagNameSize
 101C:0636 idle  _OSFlagNodeSize
 0850:1091 idle  _OSFlagPend
 0850:1314 idle  _OSFlagPendGetFlagsRdy
 0850:1332 idle  _OSFlagPost
 0850:14F9 idle  _OSFlagQuery
 101C:2EEE idle  _OSFlagTbl
 101C:063C idle  _OSFlagWidth
 101C:33D2 idle  _OSIdleCtr
 101C:2FB8 idle  _OSIdleCtrMax
 101C:2FBC idle  _OSIdleCtrRun
 0850:0166       _OSInit
 07F7:0000       _OSInitHookBegin
 07F7:0005       _OSInitHookEnd
 07E9:0063       _OSIntCtxSw
 0850:01A2 idle  _OSIntEnter
 0850:01B9       _OSIntExit
 101C:33C3 idle  _OSIntExitY
 101C:33C2       _OSIntNesting
 101C:33C4 idle  _OSLockNesting
 101C:063E idle  _OSLowestPrio
 101C:067A idle  _OSMapTbl
 0850:17D0 idle  _OSMboxAccept
 0850:1819       _OSMboxCreate
 0850:189D idle  _OSMboxDel
 101C:0640 idle  _OSMboxEn
 0850:19EB       _OSMboxPend
 0850:1AEF       _OSMboxPost
 0850:1B6B idle  _OSMboxPostOpt
 0850:1C14 idle  _OSMboxQuery
 0850:1D0E idle  _OSMemCreate
 101C:0642 idle  _OSMemEn
 101C:4026 idle  _OSMemFreeList
 0850:1E6B idle  _OSMemGet
 101C:0644 idle  _OSMemMax
 0850:1EED idle  _OSMemNameGet
 0850:1F6B idle  _OSMemNameSet
 101C:0646 idle  _OSMemNameSize
 0850:1FF0 idle  _OSMemPut
 0850:2064 idle  _OSMemQuery
 101C:402A idle  _OSMemTbl
 0850:217A idle  _OSMutexAccept
 0850:2209 idle  _OSMutexCreate
 0850:22FF idle  _OSMutexDel
 101C:0648 idle  _OSMutexEn
 0850:248D idle  _OSMutexPend
 0850:26EE idle  _OSMutexPost
 0850:287B idle  _OSMutexQuery
 101C:33C5       _OSPrioCur
 101C:33C6       _OSPrioHighRdy
 101C:064A idle  _OSPtrSize
 0850:299D idle  _OSQAccept
 0850:2A5B idle  _OSQCreate
 0850:2B82 idle  _OSQDel
 101C:064C idle  _OSQEn
 0850:2D30 idle  _OSQFlush
 101C:412E idle  _OSQFreeList
 101C:064E idle  _OSQMax
 0850:2D8C idle  _OSQPend
 0850:2ED6 idle  _OSQPost
 0850:2F91 idle  _OSQPostFront
 0850:304D idle  _OSQPostOpt
 0850:318D idle  _OSQQuery
 101C:0650 idle  _OSQSize
 101C:4132 idle  _OSQTbl
 101C:33C7 idle  _OSRdyGrp
 101C:33C8 idle  _OSRdyTbl
 101C:0652 idle  _OSRdyTblSize
 101C:33D0       _OSRunning
 0850:0247 idle  _OSSchedLock
 0850:0261 idle  _OSSchedUnlock
 0850:332E idle  _OSSemAccept
 0850:3360 idle  _OSSemCreate
 0850:33E3 idle  _OSSemDel
 101C:0654 idle  _OSSemEn
 0850:3540 idle  _OSSemPend
 0850:35F6 idle  _OSSemPost
 0850:3654 idle  _OSSemQuery
 0850:0297       _OSStart
 07E9:000A       _OSStartHighRdy
 0850:02FA       _OSStatInit
 101C:2FC0 idle  _OSStatRdy
 101C:0656 idle  _OSStkWidth
 0850:3746 idle  _OSTaskChangePrio
 0850:38DC idle  _OSTaskCreate
 101C:0658 idle  _OSTaskCreateEn
 0850:399E       _OSTaskCreateExt
 101C:065A idle  _OSTaskCreateExtEn
 07F7:000A       _OSTaskCreateHook
 101C:33D1       _OSTaskCtr
 0850:3A80 idle  _OSTaskDel
 101C:065C idle  _OSTaskDelEn
 07F7:000F       _OSTaskDelHook
 0850:3C7D idle  _OSTaskDelReq
 07F7:0014       _OSTaskIdleHook
 101C:33D6 idle  _OSTaskIdleStk
 101C:065E idle  _OSTaskIdleStkSize
 101C:0662 idle  _OSTaskMax
 0850:3CEA idle  _OSTaskNameGet
 0850:3DA7 idle  _OSTaskNameSet
 101C:0664 idle  _OSTaskNameSize
 101C:0660 idle  _OSTaskProfileEn
 0850:409B idle  _OSTaskQuery
 0850:3E6B idle  _OSTaskResume
 101C:0666 idle  _OSTaskStatEn
 07F7:0019       _OSTaskStatHook
 101C:2FC2 idle  _OSTaskStatStk
 101C:066A idle  _OSTaskStatStkChkEn
 101C:0668 idle  _OSTaskStatStkSize
 0850:3EED       _OSTaskStkChk
 07F7:001E       _OSTaskStkInit
 07F7:0108       _OSTaskStkInit_FPE_x86
 0850:3FE5 idle  _OSTaskSuspend
 07F7:01DF       _OSTaskSwHook
 101C:066C idle  _OSTaskSwHookEn
 101C:37D6       _OSTCBCur
 101C:37DA idle  _OSTCBFreeList
 101C:37DE       _OSTCBHighRdy
 07F7:01E4       _OSTCBInitHook
 101C:37E2 idle  _OSTCBList
 101C:37E6 idle  _OSTCBPrioTbl
 101C:066E idle  _OSTCBPrioTblMax
 101C:0670 idle  _OSTCBSize
 101C:38E6 idle  _OSTCBTbl
 101C:2CE4       _OSTickDOSCtr
 07E9:0090       _OSTickISR
 101C:0672 idle  _OSTicksPerSec
 101C:4024 idle  _OSTickStepState
 101C:41AA idle  _OSTime
 0850:413A       _OSTimeDly
 0850:4193       _OSTimeDlyHMSM
 0850:4289 idle  _OSTimeDlyResume
 0850:4302 idle  _OSTimeGet
 0850:4324 idle  _OSTimeSet
 0850:0339       _OSTimeTick
 07F7:01E9       _OSTimeTickHook
 101C:0674 idle  _OSTimeTickHookEn
 101C:0682 idle  _OSUnMapTbl
 0850:0409       _OSVersion
 101C:0676 idle  _OSVersionNbr
 0850:0411 idle  _OS_Dummy
 0850:0416 idle  _OS_EventTaskRdy
 0850:04EF idle  _OS_EventTaskWait
 0850:0566 idle  _OS_EventTO
 0850:05C7 idle  _OS_EventWaitListInit
 0850:162B idle  _OS_FlagInit
 0850:1723 idle  _OS_FlagUnlink
 0850:2113 idle  _OS_MemInit
 0850:32CE idle  _OS_QInit
 0850:085D idle  _OS_Sched
 0850:08D0 idle  _OS_TaskIdle
 0850:08F9 idle  _OS_TaskStat
 0850:09CE idle  _OS_TaskStatStkChk
 0850:4102 idle  _OS_TaskStkClr
 0850:0A54 idle  _OS_TCBInit
 0815:000E       _PC_DispChar
 0815:004F idle  _PC_DispClrCol
 0815:0098 idle  _PC_DispClrRow
 0815:00D4       _PC_DispClrScr
 0815:0109       _PC_DispStr
 0815:015B       _PC_DOSReturn
 0815:0173       _PC_DOSSaveReturn
 0815:01E5       _PC_ElapsedInit
 0815:01FD       _PC_ElapsedStart
 0815:0227       _PC_ElapsedStop
 0815:027C       _PC_GetDateTime
 0815:02D3       _PC_GetKey
 0815:02FE       _PC_SetTickRate
 101C:2D02 idle  _PC_TickISR
 0815:034B idle  _PC_VectGet
 0815:0386       _PC_VectSet
 0000:1F19 idle  _perror
 0000:08C4       _pow10
 0000:0DA7       _putch
 0000:0C9B       _puttext
 0000:37D2       _raise
 0000:5214 idle  _RaiseException
 0000:2FF2       _realloc
 0000:31D3       _setblock
 0000:3869       _setjmp
 0000:13F5 idle  _setmem
 0000:237E       _setvbuf
 0000:3417       _setvect
 0000:36A4 idle  _signal
 0000:24E4       _sprintf
 0000:14B4       _strcmp
 0000:14E4       _strlen
 0770:051B idle  _Task1
 101C:18DC idle  _Task1Stk
 0770:05C0 idle  _Task2
 101C:1CDC idle  _Task2Stk
 0770:062F idle  _Task3
 101C:20DC idle  _Task3Stk
 0770:06B5 idle  _Task4
 101C:24DC idle  _Task4Stk
 0770:06FC idle  _Task5
 101C:28DC idle  _Task5Stk
 0770:0760 idle  _TaskClk
 101C:14DC idle  _TaskClkStk
 0770:00A2 idle  _TaskStart
 101C:10DC idle  _TaskStartStk
 101C:2CE0 idle  _TxMbox
 0000:1371 idle  _ungetch
 0000:250A idle  _vsprintf
 0000:113C idle  _wherex
 0000:114F idle  _wherey
 101C:0EB0       __8086
 101C:0790       __8087
 0000:33E9       __abort
 0000:1000 idle  __AHINCR
 0000:000C idle  __AHSHIFT
 101C:0EB2       __atexitcnt
 101C:41B0       __atexittbl
 0000:3101       __brk
 101C:0088       __brklvl
 101C:006A idle  __C0argc
 101C:006C idle  __C0argv
 0000:1238 idle  __c0crtinit
 101C:0070 idle  __C0environ
 101C:08CF       __cChar
 0000:33C7 idle  __cexit
 101C:08CE       __cFlag
 0000:0159       __checknull
 0000:0146       __cleanup
 0000:0AE7       __CPUTN
 0000:1259 idle  __crtinit
 0000:6C38       __CurrExcContext
 0000:0000  Abs  __cvtfak
 0000:33D9 idle  __c_exit
 101C:0792       __default87
 101C:423C idle  __DestructorCountPtr
 101C:08C4       __directvideo
 101C:0A8A idle  __doserrno
 0000:15E7 idle  __DOSERROR
 101C:0A8C idle  __dosErrorToSV
 1441:0020       __emu
 101C:0074 idle  __envLng
 101C:0076 idle  __envseg
 101C:0078 idle  __envSize
 0000:3BA7       __ExceptInit
 0000:5EF8       __ExceptionHandler
 101C:0080 idle  __Exception_list
 0000:33B1       __exit
 101C:0EB4       __exitbuf
 101C:0EB8 idle  __exitfopen
 101C:0EBC idle  __exitopen
 0000:1C35       __flushout
 0000:099A       __fperror
 101C:0E60       __fpstklen
 0000:04D8       __fpuint
 0000:1FB0 idle  __fputc
 0000:2173       __FPUTN
 0000:51C8       __Global_unwind
 101C:0084       __heapbase
 101C:008C       __heaptop
 101C:005A idle  __Int0Vector
 101C:005E idle  __Int4Vector
 101C:0062 idle  __Int5Vector
 101C:0066 idle  __Int6Vector
 0000:15A9       __IOERROR
 101C:0796 idle  __LDT
 101C:0E24       __localeconvention
 0000:5E22       __Local_unwind
 0000:2857       __LONGTOA
 0000:026F idle  __MMODEL
 101C:0E9C idle  __new_handler
 101C:0A60       __nfile
 0000:133C idle  __Ngetche
 0000:136E idle  __Nungetch
 101C:0A62       __openfd
 101C:007C idle  __osmajor
 101C:007D idle  __osminor
 101C:007C idle  __osversion
 0000:08CF       __POW10
 101C:0794       __protected
 101C:007A       __psp
 0000:291C       __REALCVT
 101C:10A8       __RealCvtVector
 0000:01BB       __restorezero
 0000:5E42 idle  __Return_unwind
 0000:26D4       __rtl_write
 0000:3144       __sbrk
 101C:10AC idle  __ScanTodVector
 0000:0F04       __SCREENIO
 0000:0FC1       __SCROLL
 0000:1505       __setupio
 101C:0E94       __stklen
 101C:08D0       __streams
 101C:0B4E idle  __sys_errlist
 101C:0C0E       __sys_nerr
 0000:015A       __terminate
 0000:0000 idle  __turboCrt
 0000:0000  Abs  __turboCvt
 0000:28D9 idle  __UTOA
 0000:0F42       __VALIDATEXY
 101C:007C       __version
 101C:08B4       __video
 0000:11A9       __VideoInt
 0000:1655       __VPRINTER
 0000:0A49       __VPTR
 0000:0A6D       __VRAM
 0000:112E       __wherexy
 0000:2713 idle  __write
 101C:08B2       __wscroll
 0000:06AE       __XCVT
 0000:2695       __xfflush
 101C:0082 idle  ___brklvl
 0000:39E2       ___call_terminate
 0000:3AAC       ___call_unexpected
 101C:0F08 idle  ___CPPexceptionList
 0000:3274       ___ErrorMessage
 101C:0F0C idle  ___exceptFlags
 101C:0F30 idle  ___exceptionNameBuff
 101C:0F2C idle  ___exceptMemAllocVars
 101C:0F28 idle  ___exceptStaticBuffP
 101C:0FB0 idle  ___ExceptStaticXbuff
 0000:737A       ___ExitExceptBlocks
 0000:2C41 idle  ___first
 0000:03EF idle  ___fpreset
 0000:730B       ___InitExceptBlocks
 0000:41B1 idle  ___JumpToCatch__
 0000:2C43 idle  ___last
 0000:2C45 idle  ___rover
 101C:0F0E idle  ___savedDS
 101C:0F10 idle  ___savedSI
 101C:4230       ___SignalPtr
 101C:0F12 idle  ___terminatePTR
 101C:0F1A idle  ___terminate_DS
 101C:0F24 idle  ___throwExceptionName
 101C:0F1E idle  ___throwFileName
 101C:0F22 idle  ___throwLineNumber
 101C:0F16 idle  ___unexpectdPTR
 101C:0F1C idle  ___unexpectd_DS
 0000:252F       ___write
 101C:0E96       ___xalloc

  Address         Publics by Value

 0000:0000 idle  __turboCrt
 0000:0000  Abs  __cvtfak
 0000:0000  Abs  __turboCvt
 0000:000C idle  __AHSHIFT
 0000:0632 idle  FISRQQ
 0000:0E32 idle  FICRQQ
 0000:1000 idle  __AHINCR
 0000:1632  Abs  FIERQQ
 0000:4000 idle  FJARQQ
 0000:5C32  Abs  FIDRQQ
 0000:8000 idle  FJSRQQ
 0000:A23D  Abs  FIWRQQ
 0000:C000 idle  FJCRQQ
 0000:FE32 idle  FIARQQ
 0000:0146       __cleanup
 0000:0159       __checknull
 0000:015A       __terminate
 0000:01BB       __restorezero
 0000:026D idle  DGROUP@
 0000:026F idle  __MMODEL
 0000:03EF idle  ___fpreset
 0000:04D8       __fpuint
 0000:06AE       __XCVT
 0000:08C4       _pow10
 0000:08CF       __POW10
 0000:099A       __fperror
 0000:0A49       __VPTR
 0000:0A6D       __VRAM
 0000:0AE7       __CPUTN
 0000:0C19 idle  _cprintf
 0000:0C37       _gettext
 0000:0C9B       _puttext
 0000:0CFF       _movetext
 0000:0DA7       _putch
 0000:0F04       __SCREENIO
 0000:0F42       __VALIDATEXY
 0000:0FC1       __SCROLL
 0000:112E       __wherexy
 0000:113C idle  _wherex
 0000:114F idle  _wherey
 0000:11A9       __VideoInt
 0000:1238 idle  __c0crtinit
 0000:1259 idle  __crtinit
 0000:131F       _getch
 0000:133C idle  __Ngetche
 0000:133F idle  _getche
 0000:136E idle  __Nungetch
 0000:1371 idle  _ungetch
 0000:1393       _kbhit
 0000:13A9       _memcmp
 0000:13D1       _memcpy
 0000:13F5 idle  _setmem
 0000:141B       _memset
 0000:143D idle  _movmem
 0000:148F       _memmove
 0000:14B4       _strcmp
 0000:14E4       _strlen
 0000:1505       __setupio
 0000:15A9       __IOERROR
 0000:15E7 idle  __DOSERROR
 0000:15FB       _isatty
 0000:1610       _lseek
 0000:1655       __VPRINTER
 0000:1B18       _fflush
 0000:1BE9       _flushall
 0000:1C35       __flushout
 0000:1CB8       _fprintf
 0000:1CD8       _fputs
 0000:1DB6       _fseek
 0000:1E38 idle  _ftell
 0000:1F19 idle  _perror
 0000:1FB0 idle  __fputc
 0000:1FD0 idle  _fputc
 0000:215B idle  _fputchar
 0000:2173       __FPUTN
 0000:237E       _setvbuf
 0000:24E4       _sprintf
 0000:250A idle  _vsprintf
 0000:252F       ___write
 0000:2695       __xfflush
 0000:26D4       __rtl_write
 0000:2713 idle  __write
 0000:272F idle  _localeconv
 0000:2739 idle  LXMUL@
 0000:2739       F_LXMUL@
 0000:2750 idle  N_LDIV@
 0000:2753 idle  LDIV@
 0000:2753 idle  F_LDIV@
 0000:2757       N_LUDIV@
 0000:275A idle  LUDIV@
 0000:275A       F_LUDIV@
 0000:275F idle  N_LMOD@
 0000:2762 idle  LMOD@
 0000:2762 idle  F_LMOD@
 0000:2767 idle  N_LUMOD@
 0000:276A idle  F_LUMOD@
 0000:276A idle  LUMOD@
 0000:27FE       N_LXLSH@
 0000:2801 idle  LXLSH@
 0000:2801       F_LXLSH@
 0000:281F idle  N_LXURSH@
 0000:2822 idle  LXURSH@
 0000:2822       F_LXURSH@
 0000:2840       N_LXMUL@
 0000:2857       __LONGTOA
 0000:28D9 idle  __UTOA
 0000:291C       __REALCVT
 0000:2920       operator delete(void far*)
 0000:2936       operator delete[](void far*)
 0000:2968 idle  xnew_handler()
 0000:29D3 idle  set_new_handler(void(far*)())
 0000:2A01       operator new(unsigned int)
 0000:2C41 idle  ___first
 0000:2C43 idle  ___last
 0000:2C45 idle  ___rover
 0000:2D81 idle  _farfree
 0000:2D81       _free
 0000:2E8B       _malloc
 0000:2E95 idle  _farmalloc
 0000:2FF2       _realloc
 0000:2FF9 idle  _farrealloc
 0000:3101       __brk
 0000:3144       __sbrk
 0000:31D3       _setblock
 0000:31F3       N_PADD@
 0000:31F6 idle  PADD@
 0000:31F6 idle  F_PADD@
 0000:3222 idle  N_PSUB@
 0000:3225 idle  PSUB@
 0000:3225 idle  F_PSUB@
 0000:3253       N_PCMP@
 0000:3274       ___ErrorMessage
 0000:32FA       _abort
 0000:330E idle  _atexit
 0000:339E       _exit
 0000:33B1       __exit
 0000:33C7 idle  __cexit
 0000:33D9 idle  __c_exit
 0000:33E9       __abort
 0000:3404       _getvect
 0000:3417       _setvect
 0000:36A4 idle  _signal
 0000:37D2       _raise
 0000:3869       _setjmp
 0000:38B0       _longjmp
 0000:393E       _getdate
 0000:3955       _gettime
 0000:396C idle  terminate()
 0000:3976 idle  set_terminate(void(far*)())
 0000:39E2       ___call_terminate
 0000:3A61 idle  unexpected()
 0000:3A6A idle  set_unexpected(void(far*)())
 0000:3AAC       ___call_unexpected
 0000:3AFB idle  __getpolymorphicdtc(void far*,unsigned int)
 0000:3B4F idle  __getpolymorphicdtcfar(void far*,unsigned int)
 0000:3BA7       __ExceptInit
 0000:3BF5       xalloc::xalloc(const string far&,unsigned int)
 0000:3C74       xalloc::raise()
 0000:3E1A       xmsg::xmsg(const string far&)
 0000:3EE5       xmsg::xmsg(const xmsg far&)
 0000:3F90       xmsg::~xmsg()
 0000:3FFC idle  xmsg::raise()
 0000:4073 idle  xmsg::operator =(const xmsg far&)
 0000:41B1 idle  ___JumpToCatch__
 0000:5034       _throwexception(void far*,void far*,void far*,void far*,unsigned int,unsigned int,unsigned int,unsigned char far*)
 0000:508D idle  _rethrowexception(unsigned int,unsigned char far*)
 0000:51C8       __Global_unwind
 0000:5214 idle  _RaiseException
 0000:57E5       _catchcleanup()
 0000:5E22       __Local_unwind
 0000:5E42 idle  __Return_unwind
 0000:5EF8       __ExceptionHandler
 0000:6C38       __CurrExcContext
 0000:6C8D idle  __throwfilename()
 0000:6C9F idle  __throwlinenumber()
 0000:6CAD idle  __throwexceptionname()
 0000:6CBF idle  typeinfo::typeinfo(const typeinfo far&)
 0000:6D2D idle  typeinfo::operator =(const typeinfo far&)
 0000:6D3C idle  typeinfo::~typeinfo()
 0000:6D70 idle  typeinfo::operator ==(const typeinfo far&) const
 0000:6D96 idle  typeinfo::operator !=(const typeinfo far&) const
 0000:6DB7 idle  typeinfo::before(const typeinfo far&) const
 0000:6E2F idle  typeinfo::name() const
 0000:6E49 idle  __gettypeinfo(void far*,void far*,void far*,void far*)
 0000:7112 idle  __dynamiccast(void far*,void far*,void far*,void far*,int)
 0000:72FF       __refdestructorcount()
 0000:7305 idle  __refexceptionlist()
 0000:730B       ___InitExceptBlocks
 0000:737A       ___ExitExceptBlocks
 0770:0008       _main
 0770:00A2 idle  _TaskStart
 0770:051B idle  _Task1
 0770:05C0 idle  _Task2
 0770:062F idle  _Task3
 0770:06B5 idle  _Task4
 0770:06FC idle  _Task5
 0770:0760 idle  _TaskClk
 07E9:000A       _OSStartHighRdy
 07E9:0028       _OSCtxSw
 07E9:0063       _OSIntCtxSw
 07E9:0090       _OSTickISR
 07F7:0000       _OSInitHookBegin
 07F7:0005       _OSInitHookEnd
 07F7:000A       _OSTaskCreateHook
 07F7:000F       _OSTaskDelHook
 07F7:0014       _OSTaskIdleHook
 07F7:0019       _OSTaskStatHook
 07F7:001E       _OSTaskStkInit
 07F7:0108       _OSTaskStkInit_FPE_x86
 07F7:01DF       _OSTaskSwHook
 07F7:01E4       _OSTCBInitHook
 07F7:01E9       _OSTimeTickHook
 0815:000E       _PC_DispChar
 0815:004F idle  _PC_DispClrCol
 0815:0098 idle  _PC_DispClrRow
 0815:00D4       _PC_DispClrScr
 0815:0109       _PC_DispStr
 0815:015B       _PC_DOSReturn
 0815:0173       _PC_DOSSaveReturn
 0815:01E5       _PC_ElapsedInit
 0815:01FD       _PC_ElapsedStart
 0815:0227       _PC_ElapsedStop
 0815:027C       _PC_GetDateTime
 0815:02D3       _PC_GetKey
 0815:02FE       _PC_SetTickRate
 0815:034B idle  _PC_VectGet
 0815:0386       _PC_VectSet
 0850:000B idle  _OSEventNameGet
 0850:00B5 idle  _OSEventNameSet
 0850:0166       _OSInit
 0850:01A2 idle  _OSIntEnter
 0850:01B9       _OSIntExit
 0850:0247 idle  _OSSchedLock
 0850:0261 idle  _OSSchedUnlock
 0850:0297       _OSStart
 0850:02FA       _OSStatInit
 0850:0339       _OSTimeTick
 0850:0409       _OSVersion
 0850:0411 idle  _OS_Dummy
 0850:0416 idle  _OS_EventTaskRdy
 0850:04EF idle  _OS_EventTaskWait
 0850:0566 idle  _OS_EventTO
 0850:05C7 idle  _OS_EventWaitListInit
 0850:085D idle  _OS_Sched
 0850:08D0 idle  _OS_TaskIdle
 0850:08F9 idle  _OS_TaskStat
 0850:09CE idle  _OS_TaskStatStkChk
 0850:0A54 idle  _OS_TCBInit
 0850:0C2C idle  _OSFlagAccept
 0850:0D70 idle  _OSFlagCreate
 0850:0DF7 idle  _OSFlagDel
 0850:0F64 idle  _OSFlagNameGet
 0850:0FF7 idle  _OSFlagNameSet
 0850:1091 idle  _OSFlagPend
 0850:1314 idle  _OSFlagPendGetFlagsRdy
 0850:1332 idle  _OSFlagPost
 0850:14F9 idle  _OSFlagQuery
 0850:162B idle  _OS_FlagInit
 0850:1723 idle  _OS_FlagUnlink
 0850:17D0 idle  _OSMboxAccept
 0850:1819       _OSMboxCreate
 0850:189D idle  _OSMboxDel
 0850:19EB       _OSMboxPend
 0850:1AEF       _OSMboxPost
 0850:1B6B idle  _OSMboxPostOpt
 0850:1C14 idle  _OSMboxQuery
 0850:1D0E idle  _OSMemCreate
 0850:1E6B idle  _OSMemGet
 0850:1EED idle  _OSMemNameGet
 0850:1F6B idle  _OSMemNameSet
 0850:1FF0 idle  _OSMemPut
 0850:2064 idle  _OSMemQuery
 0850:2113 idle  _OS_MemInit
 0850:217A idle  _OSMutexAccept
 0850:2209 idle  _OSMutexCreate
 0850:22FF idle  _OSMutexDel
 0850:248D idle  _OSMutexPend
 0850:26EE idle  _OSMutexPost
 0850:287B idle  _OSMutexQuery
 0850:299D idle  _OSQAccept
 0850:2A5B idle  _OSQCreate
 0850:2B82 idle  _OSQDel
 0850:2D30 idle  _OSQFlush
 0850:2D8C idle  _OSQPend
 0850:2ED6 idle  _OSQPost
 0850:2F91 idle  _OSQPostFront
 0850:304D idle  _OSQPostOpt
 0850:318D idle  _OSQQuery
 0850:32CE idle  _OS_QInit
 0850:332E idle  _OSSemAccept
 0850:3360 idle  _OSSemCreate
 0850:33E3 idle  _OSSemDel
 0850:3540 idle  _OSSemPend
 0850:35F6 idle  _OSSemPost
 0850:3654 idle  _OSSemQuery
 0850:3746 idle  _OSTaskChangePrio
 0850:38DC idle  _OSTaskCreate
 0850:399E       _OSTaskCreateExt
 0850:3A80 idle  _OSTaskDel
 0850:3C7D idle  _OSTaskDelReq
 0850:3CEA idle  _OSTaskNameGet
 0850:3DA7 idle  _OSTaskNameSet
 0850:3E6B idle  _OSTaskResume
 0850:3EED       _OSTaskStkChk
 0850:3FE5 idle  _OSTaskSuspend
 0850:409B idle  _OSTaskQuery
 0850:4102 idle  _OS_TaskStkClr
 0850:413A       _OSTimeDly
 0850:4193       _OSTimeDlyHMSM
 0850:4289 idle  _OSTimeDlyResume
 0850:4302 idle  _OSTimeGet
 0850:4324 idle  _OSTimeSet
 0C84:003F       e087_Trap
 0C84:04E0       e087_Entry
 0C84:05A3       e087_Shortcut
 0CE0:213F       e086_Entry
 0CE0:2151 idle  rs1
 0CE0:25E9 idle  e287_FPU_Control
 0CE0:26A2 idle  rs2
 0CE0:26CD       e086_Shortcut
 0CE0:273E idle  EmuVectorException
 0F57:0000       string::string(const string far&)
 0F57:00E9       string::string(const char far*)
 0F57:0305       string::~string()
 0F57:038B idle  string::assert_element(unsigned int) const
 0F57:0449 idle  string::assert_index(unsigned int) const
 0F57:0507 idle  tsubstring::assert_element(unsigned int) const
 0F57:05C2       tstringref::tstringref(const char far*,unsigned int,const char far*,unsigned int,unsigned int)
 0F57:06AB       tstringref::~tstringref()
 0F57:070B idle  tstringref::reserve(unsigned int)
 0F57:0779 idle  tstringref::check_freeboard()
 0F57:07E1 idle  tstringref::grow_to(unsigned int)
 0F57:0843 idle  tstringref::round_capacity(unsigned int)
 0F57:0882 idle  tstringref::splice(unsigned int,unsigned int,const char far*,unsigned int)
 0F57:0A40 idle  string::set_case_sensitive(int)
 0F57:0A5D idle  string::set_paranoid_check(int)
 0F57:0A7A idle  string::skip_whitespace(int)
 0F57:0A97 idle  string::initial_capacity(unsigned int)
 0F57:0AB4 idle  string::resize_increment(unsigned int)
 0F57:0ADE idle  string::max_waste(unsigned int)
 101C:0000 idle  DATASEG@
 101C:005A idle  __Int0Vector
 101C:005E idle  __Int4Vector
 101C:0062 idle  __Int5Vector
 101C:0066 idle  __Int6Vector
 101C:006A idle  __C0argc
 101C:006C idle  __C0argv
 101C:0070 idle  __C0environ
 101C:0074 idle  __envLng
 101C:0076 idle  __envseg
 101C:0078 idle  __envSize
 101C:007A       __psp
 101C:007C idle  __osmajor
 101C:007C       __version
 101C:007C idle  __osversion
 101C:007D idle  __osminor
 101C:007E       _errno
 101C:0080 idle  __Exception_list
 101C:0082 idle  ___brklvl
 101C:0084       __heapbase
 101C:0088       __brklvl
 101C:008C       __heaptop
 101C:0628 idle  _OSDebugEn
 101C:062A idle  _OSEventMax
 101C:062C idle  _OSEventNameSize
 101C:062E idle  _OSEventSize
 101C:0630 idle  _OSEventTblSize
 101C:0632 idle  _OSFlagEn
 101C:0634 idle  _OSFlagGrpSize
 101C:0636 idle  _OSFlagNodeSize
 101C:0638 idle  _OSFlagMax
 101C:063A idle  _OSFlagNameSize
 101C:063C idle  _OSFlagWidth
 101C:063E idle  _OSLowestPrio
 101C:0640 idle  _OSMboxEn
 101C:0642 idle  _OSMemEn
 101C:0644 idle  _OSMemMax
 101C:0646 idle  _OSMemNameSize
 101C:0648 idle  _OSMutexEn
 101C:064A idle  _OSPtrSize
 101C:064C idle  _OSQEn
 101C:064E idle  _OSQMax
 101C:0650 idle  _OSQSize
 101C:0652 idle  _OSRdyTblSize
 101C:0654 idle  _OSSemEn
 101C:0656 idle  _OSStkWidth
 101C:0658 idle  _OSTaskCreateEn
 101C:065A idle  _OSTaskCreateExtEn
 101C:065C idle  _OSTaskDelEn
 101C:065E idle  _OSTaskIdleStkSize
 101C:0660 idle  _OSTaskProfileEn
 101C:0662 idle  _OSTaskMax
 101C:0664 idle  _OSTaskNameSize
 101C:0666 idle  _OSTaskStatEn
 101C:0668 idle  _OSTaskStatStkSize
 101C:066A idle  _OSTaskStatStkChkEn
 101C:066C idle  _OSTaskSwHookEn
 101C:066E idle  _OSTCBPrioTblMax
 101C:0670 idle  _OSTCBSize
 101C:0672 idle  _OSTicksPerSec
 101C:0674 idle  _OSTimeTickHookEn
 101C:0676 idle  _OSVersionNbr
 101C:0678 idle  _OSDataSize
 101C:067A idle  _OSMapTbl
 101C:0682 idle  _OSUnMapTbl
 101C:0790       __8087
 101C:0792       __default87
 101C:0794       __protected
 101C:0796 idle  __LDT
 101C:08B2       __wscroll
 101C:08B4       __video
 101C:08C4       __directvideo
 101C:08CE       __cFlag
 101C:08CF       __cChar
 101C:08D0       __streams
 101C:0A60       __nfile
 101C:0A62       __openfd
 101C:0A8A idle  __doserrno
 101C:0A8C idle  __dosErrorToSV
 101C:0B4E idle  __sys_errlist
 101C:0C0E       __sys_nerr
 101C:0E24       __localeconvention
 101C:0E60       __fpstklen
 101C:0E94       __stklen
 101C:0E96       ___xalloc
 101C:0E9C idle  __new_handler
 101C:0EB0       __8086
 101C:0EB2       __atexitcnt
 101C:0EB4       __exitbuf
 101C:0EB8 idle  __exitfopen
 101C:0EBC idle  __exitopen
 101C:0F08 idle  ___CPPexceptionList
 101C:0F0C idle  ___exceptFlags
 101C:0F0E idle  ___savedDS
 101C:0F10 idle  ___savedSI
 101C:0F12 idle  ___terminatePTR
 101C:0F16 idle  ___unexpectdPTR
 101C:0F1A idle  ___terminate_DS
 101C:0F1C idle  ___unexpectd_DS
 101C:0F1E idle  ___throwFileName
 101C:0F22 idle  ___throwLineNumber
 101C:0F24 idle  ___throwExceptionName
 101C:0F28 idle  ___exceptStaticBuffP
 101C:0F2C idle  ___exceptMemAllocVars
 101C:0F30 idle  ___exceptionNameBuff
 101C:0FB0 idle  ___ExceptStaticXbuff
 101C:1042 idle  string::case_sensitive
 101C:1044 idle  string::paranoid_check
 101C:1046 idle  string::skip_white
 101C:1048 idle  string::initial_capac
 101C:104A idle  string::resize_inc
 101C:104C idle  string::freeboard
 101C:10A8       __RealCvtVector
 101C:10AC idle  __ScanTodVector
 101C:10DC idle  _TaskStartStk
 101C:14DC idle  _TaskClkStk
 101C:18DC idle  _Task1Stk
 101C:1CDC idle  _Task2Stk
 101C:20DC idle  _Task3Stk
 101C:24DC idle  _Task4Stk
 101C:28DC idle  _Task5Stk
 101C:2CDC idle  _AckMbox
 101C:2CE0 idle  _TxMbox
 101C:2CE4       _OSTickDOSCtr
 101C:2D02 idle  _PC_TickISR
 101C:2D06       _OSCtxSwCtr
 101C:2D0A idle  _OSEventFreeList
 101C:2D0E idle  _OSEventTbl
 101C:2EEE idle  _OSFlagTbl
 101C:2FB2 idle  _OSFlagFreeList
 101C:2FB6       _OSCPUUsage
 101C:2FB8 idle  _OSIdleCtrMax
 101C:2FBC idle  _OSIdleCtrRun
 101C:2FC0 idle  _OSStatRdy
 101C:2FC2 idle  _OSTaskStatStk
 101C:33C2       _OSIntNesting
 101C:33C3 idle  _OSIntExitY
 101C:33C4 idle  _OSLockNesting
 101C:33C5       _OSPrioCur
 101C:33C6       _OSPrioHighRdy
 101C:33C7 idle  _OSRdyGrp
 101C:33C8 idle  _OSRdyTbl
 101C:33D0       _OSRunning
 101C:33D1       _OSTaskCtr
 101C:33D2 idle  _OSIdleCtr
 101C:33D6 idle  _OSTaskIdleStk
 101C:37D6       _OSTCBCur
 101C:37DA idle  _OSTCBFreeList
 101C:37DE       _OSTCBHighRdy
 101C:37E2 idle  _OSTCBList
 101C:37E6 idle  _OSTCBPrioTbl
 101C:38E6 idle  _OSTCBTbl
 101C:4024 idle  _OSTickStepState
 101C:4026 idle  _OSMemFreeList
 101C:402A idle  _OSMemTbl
 101C:412E idle  _OSQFreeList
 101C:4132 idle  _OSQTbl
 101C:41AA idle  _OSTime
 101C:41B0       __atexittbl
 101C:4230       ___SignalPtr
 101C:423C idle  __DestructorCountPtr
 1441:0020       __emu

Program entry point at 0000:0000

