--------------------------------------------------------------------------------------
Timing Analyzer Summary
--------------------------------------------------------------------------------------

Type           : Worst-case tsu
Slack          : N/A
Required Time  : None
Actual Time    : 7.303 ns
From           : data[29]
To             : smc_mctrl:\mg2:sr1|r.data[29]
From Clock     : --
To Clock       : clk
Failed Paths   : 0

Type           : Worst-case tco
Slack          : N/A
Required Time  : None
Actual Time    : 7.510 ns
From           : smc_mctrl:\mg2:sr1|r.eth_aen
To             : eth_aen
From Clock     : clk
To Clock       : --
Failed Paths   : 0

Type           : Worst-case tpd
Slack          : N/A
Required Time  : None
Actual Time    : 1.823 ns
From           : altera_internal_jtag~TDO
To             : altera_reserved_tdo
From Clock     : --
To Clock       : --
Failed Paths   : 0

Type           : Worst-case th
Slack          : N/A
Required Time  : None
Actual Time    : 2.052 ns
From           : altera_internal_jtag
To             : sld_hub:sld_hub_inst|lpm_shiftreg:jtag_ir_register|dffs[9]
From Clock     : --
To Clock       : altera_internal_jtag~TCKUTAP
Failed Paths   : 0

Type           : Clock Setup: 'ddrspa:\ddrsp0:ddrc0|ddr_phy:ddr_phy0|ddrphy:ddr_phy0|stratixii_ddr_phy:\strat2:ddr_phy0|altpll:dll|_clk0'
Slack          : 0.981 ns
Required Time  : 100.00 MHz ( period = 10.000 ns )
Actual Time    : N/A
From           : ddrspa:\ddrsp0:ddrc0|ddr_phy:ddr_phy0|ddrphy:ddr_phy0|stratixii_ddr_phy:\strat2:ddr_phy0|ddr_dqsoen[1]
To             : ddrspa:\ddrsp0:ddrc0|ddr_phy:ddr_phy0|ddrphy:ddr_phy0|stratixii_ddr_phy:\strat2:ddr_phy0|altdqs_stxii:altdqs|\loop0:1:stxii_io2a~oe_reg
From Clock     : ddrspa:\ddrsp0:ddrc0|ddr_phy:ddr_phy0|ddrphy:ddr_phy0|stratixii_ddr_phy:\strat2:ddr_phy0|altpll:dll|_clk3
To Clock       : ddrspa:\ddrsp0:ddrc0|ddr_phy:ddr_phy0|ddrphy:ddr_phy0|stratixii_ddr_phy:\strat2:ddr_phy0|altpll:dll|_clk0
Failed Paths   : 0

Type           : Clock Setup: 'clkgen:clkgen0|clkgen_stratixii:\strat2:v|stratix2_pll:sdclk_pll|altpll:\nosd:altpll0|_clk0'
Slack          : 1.683 ns
Required Time  : 80.00 MHz ( period = 12.500 ns )
Actual Time    : 92.45 MHz ( period = 10.817 ns )
From           : leon3s:\l3:cpu:0:u0|proc3:p0|iu3:iu0|r.e.ldbp1
To             : leon3s:\l3:cpu:0:u0|cachemem:cmem0|syncram:\dme:dd0:1:ddata0|altera_syncram:\alt:x0|altera_syncram_dp:u0|altsyncram:u0|altsyncram_a7r:auto_generated|ram_block1a4~porta_we_reg
From Clock     : clkgen:clkgen0|clkgen_stratixii:\strat2:v|stratix2_pll:sdclk_pll|altpll:\nosd:altpll0|_clk0
To Clock       : clkgen:clkgen0|clkgen_stratixii:\strat2:v|stratix2_pll:sdclk_pll|altpll:\nosd:altpll0|_clk0
Failed Paths   : 0

Type           : Clock Setup: 'ddrspa:\ddrsp0:ddrc0|ddr_phy:ddr_phy0|ddrphy:ddr_phy0|stratixii_ddr_phy:\strat2:ddr_phy0|altpll:dll|_clk1'
Slack          : 1.880 ns
Required Time  : 100.00 MHz ( period = 10.000 ns )
Actual Time    : N/A
From           : ddrspa:\ddrsp0:ddrc0|ddrsp16a:\ddr16:ddrc|r.nbdrive
To             : ddrspa:\ddrsp0:ddrc0|ddr_phy:ddr_phy0|ddrphy:ddr_phy0|stratixii_ddr_phy:\strat2:ddr_phy0|dqsnv[1]
From Clock     : ddrspa:\ddrsp0:ddrc0|ddr_phy:ddr_phy0|ddrphy:ddr_phy0|stratixii_ddr_phy:\strat2:ddr_phy0|altpll:dll|_clk0
To Clock       : ddrspa:\ddrsp0:ddrc0|ddr_phy:ddr_phy0|ddrphy:ddr_phy0|stratixii_ddr_phy:\strat2:ddr_phy0|altpll:dll|_clk1
Failed Paths   : 0

Type           : Clock Setup: 'ddrspa:\ddrsp0:ddrc0|ddr_phy:ddr_phy0|ddrphy:ddr_phy0|stratixii_ddr_phy:\strat2:ddr_phy0|altpll:dll|_clk3'
Slack          : 2.415 ns
Required Time  : 100.00 MHz ( period = 10.000 ns )
Actual Time    : N/A
From           : ddrspa:\ddrsp0:ddrc0|ddrsp16a:\ddr16:ddrc|syncram_2p:write_buff|altera_syncram_dp:\alt:x0|altsyncram:u0|altsyncram_k4r:auto_generated|ram_block1a6~porta_address_reg5
To             : ddrspa:\ddrsp0:ddrc0|ddr_phy:ddr_phy0|ddrphy:ddr_phy0|stratixii_ddr_phy:\strat2:ddr_phy0|altddio_bidir:\dqgen:1:qi|ddio_bidir_tkj:auto_generated|bidir_ioa[1]~ddio_data_in_reg
From Clock     : ddrspa:\ddrsp0:ddrc0|ddr_phy:ddr_phy0|ddrphy:ddr_phy0|stratixii_ddr_phy:\strat2:ddr_phy0|altpll:dll|_clk0
To Clock       : ddrspa:\ddrsp0:ddrc0|ddr_phy:ddr_phy0|ddrphy:ddr_phy0|stratixii_ddr_phy:\strat2:ddr_phy0|altpll:dll|_clk3
Failed Paths   : 0

Type           : Clock Setup: 'altera_internal_jtag~TCKUTAP'
Slack          : 7.937 ns
Required Time  : 50.00 MHz ( period = 20.000 ns )
Actual Time    : 242.37 MHz ( period = 4.126 ns )
From           : sld_hub:sld_hub_inst|sld_rom_sr:HUB_INFO_REG|WORD_SR[0]
To             : sld_hub:sld_hub_inst|hub_tdo_reg
From Clock     : altera_internal_jtag~TCKUTAP
To Clock       : altera_internal_jtag~TCKUTAP
Failed Paths   : 0

Type           : Clock Hold: 'clkgen:clkgen0|clkgen_stratixii:\strat2:v|stratix2_pll:sdclk_pll|altpll:\nosd:altpll0|_clk0'
Slack          : 0.018 ns
Required Time  : 80.00 MHz ( period = 12.500 ns )
Actual Time    : N/A
From           : leon3s:\l3:cpu:0:u0|proc3:p0|iu3:iu0|r.m.ctrl.inst[11]
To             : leon3s:\l3:cpu:0:u0|proc3:p0|iu3:iu0|r.x.ctrl.inst[11]
From Clock     : clkgen:clkgen0|clkgen_stratixii:\strat2:v|stratix2_pll:sdclk_pll|altpll:\nosd:altpll0|_clk0
To Clock       : clkgen:clkgen0|clkgen_stratixii:\strat2:v|stratix2_pll:sdclk_pll|altpll:\nosd:altpll0|_clk0
Failed Paths   : 0

Type           : Clock Hold: 'ddrspa:\ddrsp0:ddrc0|ddr_phy:ddr_phy0|ddrphy:ddr_phy0|stratixii_ddr_phy:\strat2:ddr_phy0|altpll:dll|_clk0'
Slack          : 0.341 ns
Required Time  : 100.00 MHz ( period = 10.000 ns )
Actual Time    : N/A
From           : ddrspa:\ddrsp0:ddrc0|ddrsp16a:\ddr16:ddrc|r.ba[1]
To             : ddrspa:\ddrsp0:ddrc0|ddrsp16a:\ddr16:ddrc|r.ba[1]
From Clock     : ddrspa:\ddrsp0:ddrc0|ddr_phy:ddr_phy0|ddrphy:ddr_phy0|stratixii_ddr_phy:\strat2:ddr_phy0|altpll:dll|_clk0
To Clock       : ddrspa:\ddrsp0:ddrc0|ddr_phy:ddr_phy0|ddrphy:ddr_phy0|stratixii_ddr_phy:\strat2:ddr_phy0|altpll:dll|_clk0
Failed Paths   : 0

Type           : Clock Hold: 'altera_internal_jtag~TCKUTAP'
Slack          : 0.341 ns
Required Time  : 50.00 MHz ( period = 20.000 ns )
Actual Time    : N/A
From           : sld_hub:sld_hub_inst|sld_jtag_state_machine:jtag_state_machine|tms_cnt[1]
To             : sld_hub:sld_hub_inst|sld_jtag_state_machine:jtag_state_machine|tms_cnt[1]
From Clock     : altera_internal_jtag~TCKUTAP
To Clock       : altera_internal_jtag~TCKUTAP
Failed Paths   : 0

Type           : Clock Hold: 'ddrspa:\ddrsp0:ddrc0|ddr_phy:ddr_phy0|ddrphy:ddr_phy0|stratixii_ddr_phy:\strat2:ddr_phy0|altpll:dll|_clk3'
Slack          : 3.175 ns
Required Time  : 100.00 MHz ( period = 10.000 ns )
Actual Time    : N/A
From           : ddrspa:\ddrsp0:ddrc0|ddrsp16a:\ddr16:ddrc|r.sdstate.wr2
To             : ddrspa:\ddrsp0:ddrc0|ddr_phy:ddr_phy0|ddrphy:ddr_phy0|stratixii_ddr_phy:\strat2:ddr_phy0|ddr_dqsoen[1]
From Clock     : ddrspa:\ddrsp0:ddrc0|ddr_phy:ddr_phy0|ddrphy:ddr_phy0|stratixii_ddr_phy:\strat2:ddr_phy0|altpll:dll|_clk0
To Clock       : ddrspa:\ddrsp0:ddrc0|ddr_phy:ddr_phy0|ddrphy:ddr_phy0|stratixii_ddr_phy:\strat2:ddr_phy0|altpll:dll|_clk3
Failed Paths   : 0

Type           : Clock Hold: 'ddrspa:\ddrsp0:ddrc0|ddr_phy:ddr_phy0|ddrphy:ddr_phy0|stratixii_ddr_phy:\strat2:ddr_phy0|altpll:dll|_clk1'
Slack          : 7.881 ns
Required Time  : 100.00 MHz ( period = 10.000 ns )
Actual Time    : N/A
From           : ddrspa:\ddrsp0:ddrc0|ddrsp16a:\ddr16:ddrc|r.nbdrive
To             : ddrspa:\ddrsp0:ddrc0|ddr_phy:ddr_phy0|ddrphy:ddr_phy0|stratixii_ddr_phy:\strat2:ddr_phy0|dqsnv[1]
From Clock     : ddrspa:\ddrsp0:ddrc0|ddr_phy:ddr_phy0|ddrphy:ddr_phy0|stratixii_ddr_phy:\strat2:ddr_phy0|altpll:dll|_clk0
To Clock       : ddrspa:\ddrsp0:ddrc0|ddr_phy:ddr_phy0|ddrphy:ddr_phy0|stratixii_ddr_phy:\strat2:ddr_phy0|altpll:dll|_clk1
Failed Paths   : 0

Type           : Total number of failed paths
Slack          : 
Required Time  : 
Actual Time    : 
From           : 
To             : 
From Clock     : 
To Clock       : 
Failed Paths   : 0

--------------------------------------------------------------------------------------

